// Jest Snapshot v1, https://goo.gl/fbAQLP

exports[`<Button /> tests should render as default button 1`] = `<button />`;
